{
  "code": "# not a true circular reference\n\na = [10, 20, 30]\nb = a\nc = [10, 20, 30]\nd = (a, b, c)\n\n", 
  "trace": [
    {
      "ordered_globals": [], 
      "stdout": "", 
      "func_name": "<module>", 
      "stack_to_render": [], 
      "globals": {}, 
      "heap": {}, 
      "line": 3, 
      "event": "step_line"
    }, 
    {
      "ordered_globals": [
        "a"
      ], 
      "stdout": "", 
      "func_name": "<module>", 
      "stack_to_render": [], 
      "globals": {
        "a": [
          "REF", 
          1
        ]
      }, 
      "heap": {
        "1": [
          "LIST", 
          10, 
          20, 
          30
        ]
      }, 
      "line": 4, 
      "event": "step_line"
    }, 
    {
      "ordered_globals": [
        "a", 
        "b"
      ], 
      "stdout": "", 
      "func_name": "<module>", 
      "stack_to_render": [], 
      "globals": {
        "a": [
          "REF", 
          1
        ], 
        "b": [
          "REF", 
          1
        ]
      }, 
      "heap": {
        "1": [
          "LIST", 
          10, 
          20, 
          30
        ]
      }, 
      "line": 5, 
      "event": "step_line"
    }, 
    {
      "ordered_globals": [
        "a", 
        "b", 
        "c"
      ], 
      "stdout": "", 
      "func_name": "<module>", 
      "stack_to_render": [], 
      "globals": {
        "a": [
          "REF", 
          1
        ], 
        "c": [
          "REF", 
          2
        ], 
        "b": [
          "REF", 
          1
        ]
      }, 
      "heap": {
        "1": [
          "LIST", 
          10, 
          20, 
          30
        ], 
        "2": [
          "LIST", 
          10, 
          20, 
          30
        ]
      }, 
      "line": 6, 
      "event": "step_line"
    }, 
    {
      "ordered_globals": [
        "a", 
        "b", 
        "c", 
        "d"
      ], 
      "stdout": "", 
      "func_name": "<module>", 
      "stack_to_render": [], 
      "globals": {
        "a": [
          "REF", 
          1
        ], 
        "c": [
          "REF", 
          2
        ], 
        "b": [
          "REF", 
          1
        ], 
        "d": [
          "REF", 
          3
        ]
      }, 
      "heap": {
        "1": [
          "LIST", 
          10, 
          20, 
          30
        ], 
        "2": [
          "LIST", 
          10, 
          20, 
          30
        ], 
        "3": [
          "TUPLE", 
          [
            "REF", 
            1
          ], 
          [
            "REF", 
            1
          ], 
          [
            "REF", 
            2
          ]
        ]
      }, 
      "line": 6, 
      "event": "return"
    }
  ]
}
